C:\Users\Hp\AppData\Local\Programs\Python\Python311\Lib\site-packages\requests\__init__.py:109: RequestsDependencyWarning: urllib3 (2.1.0) or chardet (7.0.1)/charset_normalizer (3.3.2) doesn't match a supported version!
  warnings.warn(

  You can now view your Streamlit app in your browser.

  Local URL: http://localhost:8501
  Network URL: http://192.168.1.28:8501
  External URL: http://46.185.169.11:8501

2026-04-16 14:28:30.240 Please replace `use_container_width` with `width`.

`use_container_width` will be removed after 2025-12-31.

For `use_container_width=True`, use `width='stretch'`. For `use_container_width=False`, use `width='content'`.
2026-04-16 14:34:17.847 `label` got an empty value. This is discouraged for accessibility reasons and may be disallowed in the future by raising an exception. Please provide a non-empty label and hide it with label_visibility if needed.
Stack (most recent call last):
  File "C:\Users\Hp\AppData\Local\Programs\Python\Python311\Lib\threading.py", line 1002, in _bootstrap
    self._bootstrap_inner()
  File "C:\Users\Hp\AppData\Local\Programs\Python\Python311\Lib\threading.py", line 1045, in _bootstrap_inner
    self.run()
  File "C:\Users\Hp\AppData\Local\Programs\Python\Python311\Lib\threading.py", line 982, in run
    self._target(*self._args, **self._kwargs)
  File "C:\Users\Hp\AppData\Local\Programs\Python\Python311\Lib\site-packages\streamlit\runtime\scriptrunner\script_runner.py", line 379, in _run_script_thread
    self._run_script(request.rerun_data)
  File "C:\Users\Hp\AppData\Local\Programs\Python\Python311\Lib\site-packages\streamlit\runtime\scriptrunner\script_runner.py", line 705, in _run_script
    ) = exec_func_with_error_handling(code_to_exec, ctx)
  File "C:\Users\Hp\AppData\Local\Programs\Python\Python311\Lib\site-packages\streamlit\runtime\scriptrunner\exec_code.py", line 129, in exec_func_with_error_handling
    result = func()
  File "C:\Users\Hp\AppData\Local\Programs\Python\Python311\Lib\site-packages\streamlit\runtime\scriptrunner\script_runner.py", line 689, in code_to_exec
    exec(code, module.__dict__)  # noqa: S102
  File "C:\InfluMatch_AI\influmatch\frontend\app.py", line 463, in <module>
    render_discover()
  File "C:\InfluMatch_AI\influmatch\frontend\_pages\discover_page.py", line 28, in render
    brief = st.text_input(
  File "C:\Users\Hp\AppData\Local\Programs\Python\Python311\Lib\site-packages\streamlit\runtime\metrics_util.py", line 563, in wrapped_func
    result = non_optional_func(*args, **kwargs)
  File "C:\Users\Hp\AppData\Local\Programs\Python\Python311\Lib\site-packages\streamlit\elements\widgets\text_widgets.py", line 322, in text_input
    return self._text_input(
  File "C:\Users\Hp\AppData\Local\Programs\Python\Python311\Lib\site-packages\streamlit\elements\widgets\text_widgets.py", line 371, in _text_input
    maybe_raise_label_warnings(label, label_visibility)
  File "C:\Users\Hp\AppData\Local\Programs\Python\Python311\Lib\site-packages\streamlit\elements\lib\policies.py", line 187, in maybe_raise_label_warnings
    _LOGGER.warning(
2026-04-17 22:31:14.854 Please replace `use_container_width` with `width`.

`use_container_width` will be removed after 2025-12-31.

For `use_container_width=True`, use `width='stretch'`. For `use_container_width=False`, use `width='content'`.
2026-04-17 23:57:21.746 `label` got an empty value. This is discouraged for accessibility reasons and may be disallowed in the future by raising an exception. Please provide a non-empty label and hide it with label_visibility if needed.
Stack (most recent call last):
  File "C:\Users\Hp\AppData\Local\Programs\Python\Python311\Lib\threading.py", line 1002, in _bootstrap
    self._bootstrap_inner()
  File "C:\Users\Hp\AppData\Local\Programs\Python\Python311\Lib\threading.py", line 1045, in _bootstrap_inner
    self.run()
  File "C:\Users\Hp\AppData\Local\Programs\Python\Python311\Lib\threading.py", line 982, in run
    self._target(*self._args, **self._kwargs)
  File "C:\Users\Hp\AppData\Local\Programs\Python\Python311\Lib\site-packages\streamlit\runtime\scriptrunner\script_runner.py", line 379, in _run_script_thread
    self._run_script(request.rerun_data)
  File "C:\Users\Hp\AppData\Local\Programs\Python\Python311\Lib\site-packages\streamlit\runtime\scriptrunner\script_runner.py", line 705, in _run_script
    ) = exec_func_with_error_handling(code_to_exec, ctx)
  File "C:\Users\Hp\AppData\Local\Programs\Python\Python311\Lib\site-packages\streamlit\runtime\scriptrunner\exec_code.py", line 129, in exec_func_with_error_handling
    result = func()
  File "C:\Users\Hp\AppData\Local\Programs\Python\Python311\Lib\site-packages\streamlit\runtime\scriptrunner\script_runner.py", line 689, in code_to_exec
    exec(code, module.__dict__)  # noqa: S102
  File "C:\InfluMatch_AI\influmatch\frontend\app.py", line 491, in <module>
    render_discover()
  File "C:\InfluMatch_AI\influmatch\frontend\_pages\discover_page.py", line 28, in render
    brief = st.text_input(
  File "C:\Users\Hp\AppData\Local\Programs\Python\Python311\Lib\site-packages\streamlit\runtime\metrics_util.py", line 563, in wrapped_func
    result = non_optional_func(*args, **kwargs)
  File "C:\Users\Hp\AppData\Local\Programs\Python\Python311\Lib\site-packages\streamlit\elements\widgets\text_widgets.py", line 322, in text_input
    return self._text_input(
  File "C:\Users\Hp\AppData\Local\Programs\Python\Python311\Lib\site-packages\streamlit\elements\widgets\text_widgets.py", line 371, in _text_input
    maybe_raise_label_warnings(label, label_visibility)
  File "C:\Users\Hp\AppData\Local\Programs\Python\Python311\Lib\site-packages\streamlit\elements\lib\policies.py", line 187, in maybe_raise_label_warnings
    _LOGGER.warning(
2026-04-18 23:02:19.297 `label` got an empty value. This is discouraged for accessibility reasons and may be disallowed in the future by raising an exception. Please provide a non-empty label and hide it with label_visibility if needed.
Stack (most recent call last):
  File "C:\Users\Hp\AppData\Local\Programs\Python\Python311\Lib\threading.py", line 1002, in _bootstrap
    self._bootstrap_inner()
  File "C:\Users\Hp\AppData\Local\Programs\Python\Python311\Lib\threading.py", line 1045, in _bootstrap_inner
    self.run()
  File "C:\Users\Hp\AppData\Local\Programs\Python\Python311\Lib\threading.py", line 982, in run
    self._target(*self._args, **self._kwargs)
  File "C:\Users\Hp\AppData\Local\Programs\Python\Python311\Lib\site-packages\streamlit\runtime\scriptrunner\script_runner.py", line 379, in _run_script_thread
    self._run_script(request.rerun_data)
  File "C:\Users\Hp\AppData\Local\Programs\Python\Python311\Lib\site-packages\streamlit\runtime\scriptrunner\script_runner.py", line 705, in _run_script
    ) = exec_func_with_error_handling(code_to_exec, ctx)
  File "C:\Users\Hp\AppData\Local\Programs\Python\Python311\Lib\site-packages\streamlit\runtime\scriptrunner\exec_code.py", line 129, in exec_func_with_error_handling
    result = func()
  File "C:\Users\Hp\AppData\Local\Programs\Python\Python311\Lib\site-packages\streamlit\runtime\scriptrunner\script_runner.py", line 689, in code_to_exec
    exec(code, module.__dict__)  # noqa: S102
  File "C:\InfluMatch_AI\influmatch\frontend\app.py", line 491, in <module>
    render_discover()
  File "C:\InfluMatch_AI\influmatch\frontend\_pages\discover_page.py", line 28, in render
    brief = st.text_input(
  File "C:\Users\Hp\AppData\Local\Programs\Python\Python311\Lib\site-packages\streamlit\runtime\metrics_util.py", line 563, in wrapped_func
    result = non_optional_func(*args, **kwargs)
  File "C:\Users\Hp\AppData\Local\Programs\Python\Python311\Lib\site-packages\streamlit\elements\widgets\text_widgets.py", line 322, in text_input
    return self._text_input(
  File "C:\Users\Hp\AppData\Local\Programs\Python\Python311\Lib\site-packages\streamlit\elements\widgets\text_widgets.py", line 371, in _text_input
    maybe_raise_label_warnings(label, label_visibility)
  File "C:\Users\Hp\AppData\Local\Programs\Python\Python311\Lib\site-packages\streamlit\elements\lib\policies.py", line 187, in maybe_raise_label_warnings
    _LOGGER.warning(
